
> portfolio@0.1.0 build
> react-scripts build

Creating an optimized production build...
Compiled with warnings.

[eslint] 
src\components\About\AboutCard.js
  Line 2:10:  'ImPointRight' is defined but never used  no-unused-vars

src\components\About\Toolstack.js
  Line 2:47:  'SiDocker' is defined but never used  no-unused-vars

src\components\Home\Home.js
  Line 7:10:  'BsArrowDown' is defined but never used  no-unused-vars

src\components\Projects\ProjectCards.js
  Line 2:10:  'CgWebsite' is defined but never used        no-unused-vars
  Line 5:18:  'AnimatePresence' is defined but never used  no-unused-vars

Search for the keywords to learn more about each warning.
To ignore, add // eslint-disable-next-line to the line before.

File sizes after gzip:

  325.48 kB (+236.97 kB)  build\static\js\main.0a999082.js
  9.13 kB (-17.02 kB)     build\static\css\main.3f0f766e.css
  2 kB                    build\static\js\488.9f2fbda2.chunk.js

The project was built assuming it is hosted at /.
You can control this with the homepage field in your package.json.

The build folder is ready to be deployed.
You may serve it with a static server:

  serve -s build

Find out more about deployment here:

  https://cra.link/deployment

